// Jest Snapshot v1, https://goo.gl/fbAQLP

exports[`renders correctly 1`] = `
<nav>
  <ul
    className="nice-menu"
  >
    <li
      className="active"
      onClick={[Function]}
    >
      J
    </li>
    <li
      className=""
      onClick={[Function]}
    >
      R
    </li>
    <li
      className=""
      onClick={[Function]}
    >
      W
    </li>
  </ul>
</nav>
`;
